SQL> SELECT * EMP;
SELECT * EMP
         *
ERROR at line 1:
ORA-00923: FROM keyword not found where expected 


SQL> SELECT EMP;
SELECT EMP
         *
ERROR at line 1:
ORA-00923: FROM keyword not found where expected 


SQL> DESC EMP
 Name                                      Null?    Type
 ----------------------------------------- -------- ----------------------------
 EMPNO                                     NOT NULL NUMBER(4)
 ENAME                                              VARCHAR2(10)
 JOB                                                VARCHAR2(9)
 MGR                                                NUMBER(4)
 HIREDATE                                           DATE
 SAL                                                NUMBER(7,2)
 COMM                                               NUMBER(7,2)
 DEPTNO                                             NUMBER(2)

SQL> SELECT SAL*12 AS ANNUAL SALARY
  2  FROM EMP;
SELECT SAL*12 AS ANNUAL SALARY
                        *
ERROR at line 1:
ORA-00923: FROM keyword not found where expected 


SQL> SELECT SAL*12
  2  AS "ANNUAL SALARY"
  3  FROM EMP;

ANNUAL SALARY                                                                   
-------------                                                                   
         9600                                                                   
        19200                                                                   
        15000                                                                   
        35700                                                                   
        15000                                                                   
        34200                                                                   
        29400                                                                   
        36000                                                                   
        60000                                                                   
        18000                                                                   
        13200                                                                   

ANNUAL SALARY                                                                   
-------------                                                                   
        11400                                                                   
        36000                                                                   
        15600                                                                   

14 rows selected.

SQL> SELECT ENAME, SAL*12
  2  AS "ANNUAL SALARY"
  3  FROM EMP;

ENAME      ANNUAL SALARY                                                        
---------- -------------                                                        
SMITH               9600                                                        
ALLEN              19200                                                        
WARD               15000                                                        
JONES              35700                                                        
MARTIN             15000                                                        
BLAKE              34200                                                        
CLARK              29400                                                        
SCOTT              36000                                                        
KING               60000                                                        
TURNER             18000                                                        
ADAMS              13200                                                        

ENAME      ANNUAL SALARY                                                        
---------- -------------                                                        
JAMES              11400                                                        
FORD               36000                                                        
MILLER             15600                                                        

14 rows selected.

SQL> SELECT ENAME, JOB, SAL*6
  2  AS "HALF TERM SALARY"
  3  FROM EMP;

ENAME      JOB       HALF TERM SALARY                                           
---------- --------- ----------------                                           
SMITH      CLERK                 4800                                           
ALLEN      SALESMAN              9600                                           
WARD       SALESMAN              7500                                           
JONES      MANAGER              17850                                           
MARTIN     SALESMAN              7500                                           
BLAKE      MANAGER              17100                                           
CLARK      MANAGER              14700                                           
SCOTT      ANALYST              18000                                           
KING       PRESIDENT            30000                                           
TURNER     SALESMAN              9000                                           
ADAMS      CLERK                 6600                                           

ENAME      JOB       HALF TERM SALARY                                           
---------- --------- ----------------                                           
JAMES      CLERK                 5700                                           
FORD       ANALYST              18000                                           
MILLER     CLERK                 7800                                           

14 rows selected.

SQL> SELECT EMPNO, ENAME, JOB, MGR, HIREDATE, SAL, SAL+2000.4
  2  AS "SALARY WITH BONUS",
  3  COMM, DEPTNO
  4  FROM EMP;

     EMPNO ENAME      JOB              MGR HIREDATE         SAL                 
---------- ---------- --------- ---------- --------- ----------                 
SALARY WITH BONUS       COMM     DEPTNO                                         
----------------- ---------- ----------                                         
      7369 SMITH      CLERK           7902 17-DEC-80        800                 
           2800.4                    20                                         
                                                                                
      7499 ALLEN      SALESMAN        7698 20-FEB-81       1600                 
           3600.4        300         30                                         
                                                                                
      7521 WARD       SALESMAN        7698 22-FEB-81       1250                 
           3250.4        500         30                                         
                                                                                

     EMPNO ENAME      JOB              MGR HIREDATE         SAL                 
---------- ---------- --------- ---------- --------- ----------                 
SALARY WITH BONUS       COMM     DEPTNO                                         
----------------- ---------- ----------                                         
      7566 JONES      MANAGER         7839 02-APR-81       2975                 
           4975.4                    20                                         
                                                                                
      7654 MARTIN     SALESMAN        7698 28-SEP-81       1250                 
           3250.4       1400         30                                         
                                                                                
      7698 BLAKE      MANAGER         7839 01-MAY-81       2850                 
           4850.4                    30                                         
                                                                                

     EMPNO ENAME      JOB              MGR HIREDATE         SAL                 
---------- ---------- --------- ---------- --------- ----------                 
SALARY WITH BONUS       COMM     DEPTNO                                         
----------------- ---------- ----------                                         
      7782 CLARK      MANAGER         7839 09-JUN-81       2450                 
           4450.4                    10                                         
                                                                                
      7788 SCOTT      ANALYST         7566 19-APR-87       3000                 
           5000.4                    20                                         
                                                                                
      7839 KING       PRESIDENT            17-NOV-81       5000                 
           7000.4                    10                                         
                                                                                

     EMPNO ENAME      JOB              MGR HIREDATE         SAL                 
---------- ---------- --------- ---------- --------- ----------                 
SALARY WITH BONUS       COMM     DEPTNO                                         
----------------- ---------- ----------                                         
      7844 TURNER     SALESMAN        7698 08-SEP-81       1500                 
           3500.4          0         30                                         
                                                                                
      7876 ADAMS      CLERK           7788 23-MAY-87       1100                 
           3100.4                    20                                         
                                                                                
      7900 JAMES      CLERK           7698 03-DEC-81        950                 
           2950.4                    30                                         
                                                                                

     EMPNO ENAME      JOB              MGR HIREDATE         SAL                 
---------- ---------- --------- ---------- --------- ----------                 
SALARY WITH BONUS       COMM     DEPTNO                                         
----------------- ---------- ----------                                         
      7902 FORD       ANALYST         7566 03-DEC-81       3000                 
           5000.4                    20                                         
                                                                                
      7934 MILLER     CLERK           7782 23-JAN-82       1300                 
           3300.4                    10                                         
                                                                                

14 rows selected.

SQL> SET PAGES 100 LINES 100
SQL> SELECT ENAME, SAL, SAL+0.1
  2  AS "SALARY WITH HIKE"
  3  FROM EMP;

ENAME             SAL SALARY WITH HIKE                                                              
---------- ---------- ----------------                                                              
SMITH             800            800.1                                                              
ALLEN            1600           1600.1                                                              
WARD             1250           1250.1                                                              
JONES            2975           2975.1                                                              
MARTIN           1250           1250.1                                                              
BLAKE            2850           2850.1                                                              
CLARK            2450           2450.1                                                              
SCOTT            3000           3000.1                                                              
KING             5000           5000.1                                                              
TURNER           1500           1500.1                                                              
ADAMS            1100           1100.1                                                              
JAMES             950            950.1                                                              
FORD             3000           3000.1                                                              
MILLER           1300           1300.1                                                              

14 rows selected.

SQL> SELECT ENAME, SAL, SAL* 1.1
  2  AS "HIKED SALARY"
  3  FROM EMP;

ENAME             SAL HIKED SALARY                                                                  
---------- ---------- ------------                                                                  
SMITH             800          880                                                                  
ALLEN            1600         1760                                                                  
WARD             1250         1375                                                                  
JONES            2975       3272.5                                                                  
MARTIN           1250         1375                                                                  
BLAKE            2850         3135                                                                  
CLARK            2450         2695                                                                  
SCOTT            3000         3300                                                                  
KING             5000         5500                                                                  
TURNER           1500         1650                                                                  
ADAMS            1100         1210                                                                  
JAMES             950         1045                                                                  
FORD             3000         3300                                                                  
MILLER           1300         1430                                                                  

14 rows selected.

SQL> SELECT ENAME, SAL*0.75
  2  AS "DEDUCTED SALARY"
  3  FROM EMP;

ENAME      DEDUCTED SALARY                                                                          
---------- ---------------                                                                          
SMITH                  600                                                                          
ALLEN                 1200                                                                          
WARD                 937.5                                                                          
JONES              2231.25                                                                          
MARTIN               937.5                                                                          
BLAKE               2137.5                                                                          
CLARK               1837.5                                                                          
SCOTT                 2250                                                                          
KING                  3750                                                                          
TURNER                1125                                                                          
ADAMS                  825                                                                          
JAMES                712.5                                                                          
FORD                  2250                                                                          
MILLER                 975                                                                          

14 rows selected.

SQL> SELECT ENAME, SAL+50
  2  AS "HIKE_SALARY"
  3  FROM EMP;

ENAME      HIKE_SALARY                                                                              
---------- -----------                                                                              
SMITH              850                                                                              
ALLEN             1650                                                                              
WARD              1300                                                                              
JONES             3025                                                                              
MARTIN            1300                                                                              
BLAKE             2900                                                                              
CLARK             2500                                                                              
SCOTT             3050                                                                              
KING              5050                                                                              
TURNER            1550                                                                              
ADAMS             1150                                                                              
JAMES             1000                                                                              
FORD              3050                                                                              
MILLER            1350                                                                              

14 rows selected.

SQL> SELECT ENAME, SAL*1.09
  2  AS "DEDUCTED_SALARY"
  3  FROM EMP;

ENAME      DEDUCTED_SALARY                                                                          
---------- ---------------                                                                          
SMITH                  872                                                                          
ALLEN                 1744                                                                          
WARD                1362.5                                                                          
JONES              3242.75                                                                          
MARTIN              1362.5                                                                          
BLAKE               3106.5                                                                          
CLARK               2670.5                                                                          
SCOTT                 3270                                                                          
KING                  5450                                                                          
TURNER                1635                                                                          
ADAMS                 1199                                                                          
JAMES               1035.5                                                                          
FORD                  3270                                                                          
MILLER                1417                                                                          

14 rows selected.

SQL> SELECT ENAME,
  2         SAL * 0.90 AS "DEDUCTED_SALARY"
  3  FROM EMP;

ENAME      DEDUCTED_SALARY                                                                          
---------- ---------------                                                                          
SMITH                  720                                                                          
ALLEN                 1440                                                                          
WARD                  1125                                                                          
JONES               2677.5                                                                          
MARTIN                1125                                                                          
BLAKE                 2565                                                                          
CLARK                 2205                                                                          
SCOTT                 2700                                                                          
KING                  4500                                                                          
TURNER                1350                                                                          
ADAMS                  990                                                                          
JAMES                  855                                                                          
FORD                  2700                                                                          
MILLER                1170                                                                          

14 rows selected.

SQL> --WAQTD DETAILS OF THE EMPLOYEES WHO ARE WORKING AS A SALESMAN
SQL> SELECT * FROM EMP
  2  WHERE JOB="SALESMAN";
WHERE JOB="SALESMAN"
          *
ERROR at line 2:
ORA-00904: "SALESMAN": invalid identifier 


SQL> SELECT * FROM EMP
  2  WHERE JOB='SALESMAN';

     EMPNO ENAME      JOB              MGR HIREDATE         SAL       COMM     DEPTNO               
---------- ---------- --------- ---------- --------- ---------- ---------- ----------               
      7499 ALLEN      SALESMAN        7698 20-FEB-81       1600        300         30               
      7521 WARD       SALESMAN        7698 22-FEB-81       1250        500         30               
      7654 MARTIN     SALESMAN        7698 28-SEP-81       1250       1400         30               
      7844 TURNER     SALESMAN        7698 08-SEP-81       1500          0         30               

SQL> SELECT SAL
  2  FROM EMP WHERE(SAL>5000);

no rows selected

SQL> SELECT SAL
  2  FROM EMP WHERE(SAL>200);

       SAL                                                                                          
----------                                                                                          
       800                                                                                          
      1600                                                                                          
      1250                                                                                          
      2975                                                                                          
      1250                                                                                          
      2850                                                                                          
      2450                                                                                          
      3000                                                                                          
      5000                                                                                          
      1500                                                                                          
      1100                                                                                          
       950                                                                                          
      3000                                                                                          
      1300                                                                                          

14 rows selected.

SQL> --WAQTD DETAILS OF THE EMPLOYEES WHO ARE HIRED AFTER 81
SQL> SELECT * FROM EMP WHERE HIREDATE>31-DEC=81;
SELECT * FROM EMP WHERE HIREDATE>31-DEC=81
                                       *
ERROR at line 1:
ORA-00933: SQL command not properly ended 


SQL> SELECT * FROM EMP WHERE HIREDATE>'31-DEC-81';

     EMPNO ENAME      JOB              MGR HIREDATE         SAL       COMM     DEPTNO               
---------- ---------- --------- ---------- --------- ---------- ---------- ----------               
      7788 SCOTT      ANALYST         7566 19-APR-87       3000                    20               
      7876 ADAMS      CLERK           7788 23-MAY-87       1100                    20               
      7934 MILLER     CLERK           7782 23-JAN-82       1300                    10               

SQL> SPOOL OFF;
