SQL> SELECT ENAME
  2  FROM EMP
  3  WHERE (DEPTNO=20 AND SAL>1000);

ENAME                                                                           
----------                                                                      
JONES                                                                           
SCOTT                                                                           
ADAMS                                                                           
FORD                                                                            

SQL> --WAQTD DETAILS OF THE EMP WHO ARE WORKING AS A CLERK OR SALESMAN
SQL> SELECT *
  2  FROM EMP
  3  WHERE JOB='CLERK' OR JOB='SALESMAN';

     EMPNO ENAME      JOB              MGR HIREDATE         SAL       COMM      
---------- ---------- --------- ---------- --------- ---------- ----------      
    DEPTNO                                                                      
----------                                                                      
      7369 SMITH      CLERK           7902 17-DEC-80        800                 
        20                                                                      
                                                                                
      7499 ALLEN      SALESMAN        7698 20-FEB-81       1600        300      
        30                                                                      
                                                                                
      7521 WARD       SALESMAN        7698 22-FEB-81       1250        500      
        30                                                                      
                                                                                

     EMPNO ENAME      JOB              MGR HIREDATE         SAL       COMM      
---------- ---------- --------- ---------- --------- ---------- ----------      
    DEPTNO                                                                      
----------                                                                      
      7654 MARTIN     SALESMAN        7698 28-SEP-81       1250       1400      
        30                                                                      
                                                                                
      7844 TURNER     SALESMAN        7698 08-SEP-81       1500          0      
        30                                                                      
                                                                                
      7876 ADAMS      CLERK           7788 23-MAY-87       1100                 
        20                                                                      
                                                                                

     EMPNO ENAME      JOB              MGR HIREDATE         SAL       COMM      
---------- ---------- --------- ---------- --------- ---------- ----------      
    DEPTNO                                                                      
----------                                                                      
      7900 JAMES      CLERK           7698 03-DEC-81        950                 
        30                                                                      
                                                                                
      7934 MILLER     CLERK           7782 23-JAN-82       1300                 
        10                                                                      
                                                                                

8 rows selected.

SQL> SET PAGES 100 LINES 100
SQL> --WAQTD DETAILS OF THE EMP WHO ARE WORKING AS A SALESMAN OR CLERK IN DEPT20
SQL> SELECT *
  2  FROM EMP
  3  WHERE DEPTNO=20 AND(HOB= 'SALESMAN' OR JOB = 'CLERK');
WHERE DEPTNO=20 AND(HOB= 'SALESMAN' OR JOB = 'CLERK')
                    *
ERROR at line 3:
ORA-00904: "HOB": invalid identifier 


SQL> SELECT *
  2  FROM EMP
  3  WHERE DEPTNO=20 AND(JOB= 'SALESMAN' OR JOB ='CLERK');

     EMPNO ENAME      JOB              MGR HIREDATE         SAL       COMM     DEPTNO               
---------- ---------- --------- ---------- --------- ---------- ---------- ----------               
      7369 SMITH      CLERK           7902 17-DEC-80        800                    20               
      7876 ADAMS      CLERK           7788 23-MAY-87       1100                    20               

SQL> SELECT *
  2  FROM EMP
  3  WHERE NOT DEPTNO=10;

     EMPNO ENAME      JOB              MGR HIREDATE         SAL       COMM     DEPTNO               
---------- ---------- --------- ---------- --------- ---------- ---------- ----------               
      7369 SMITH      CLERK           7902 17-DEC-80        800                    20               
      7499 ALLEN      SALESMAN        7698 20-FEB-81       1600        300         30               
      7521 WARD       SALESMAN        7698 22-FEB-81       1250        500         30               
      7566 JONES      MANAGER         7839 02-APR-81       2975                    20               
      7654 MARTIN     SALESMAN        7698 28-SEP-81       1250       1400         30               
      7698 BLAKE      MANAGER         7839 01-MAY-81       2850                    30               
      7788 SCOTT      ANALYST         7566 19-APR-87       3000                    20               
      7844 TURNER     SALESMAN        7698 08-SEP-81       1500          0         30               
      7876 ADAMS      CLERK           7788 23-MAY-87       1100                    20               
      7900 JAMES      CLERK           7698 03-DEC-81        950                    30               
      7902 FORD       ANALYST         7566 03-DEC-81       3000                    20               

11 rows selected.

SQL> 
SQL> 
SQL> 
SQL> 
SQL> SPOOL OFF;
